[2026-04-26T23:27:50.423] [DEBUG] debug-file - env: nodejsVersion=v18.20.1
[2026-04-26T23:27:50.496] [DEBUG] debug-file - env: daemon=true
[2026-04-26T23:27:50.424] [DEBUG] debug-file - env: hvigor-config.json5 content = { modelVersion: '6.1.0', dependencies: {} }
[2026-04-26T23:27:53.871] [DEBUG] debug-file - java daemon tryConnect failed Error: connect ECONNREFUSED 127.0.0.1:45050
[2026-04-26T23:27:54.151] [DEBUG] debug-file - java daemon started at port 45050 pid 26088
[2026-04-26T23:27:54.199] [DEBUG] debug-file - session manager: set active socket. socketId=ztf9EMHxr8wk49N9AAAB
[2026-04-26T23:27:55.457] [DEBUG] debug-file - watch worker: worker id should be larger than 0. Nothing will be sent to any worker thread.
[2026-04-26T23:27:55.462] [DEBUG] debug-file - Since there is no instance or instance is terminated, create a new worker pool.
[2026-04-26T23:27:55.463] [DEBUG] debug-file - Worker pool is initialized with config:  {
  minPoolNum: 2,
  maxPoolNum: undefined,
  maxCoreSize: undefined,
  cacheCapacity: undefined,
  cacheTtl: undefined
}
[2026-04-26T23:27:55.464] [DEBUG] debug-file - Create  resident worker with id: 0.
[2026-04-26T23:27:55.467] [DEBUG] debug-file - Create  resident worker with id: 1.
[2026-04-26T23:27:55.470] [DEBUG] debug-file - Workers' log level updated to INFO
[2026-04-26T23:27:55.485] [DEBUG] debug-file - Hvigor init with startParameters:{
  hvigorfileTypeCheck: false,
  parallelExecution: true,
  incrementalExecution: true,
  printStackTrace: false,
  daemon: true,
  analyze: 0,
  logLevel: Level { level: 20000, levelStr: 'INFO', colour: 'green' },
  optimizationStrategy: 'memory',
  hotCompile: undefined,
  hotReloadBuild: undefined,
  customizedParam: undefined
}
[2026-04-26T23:27:55.486] [DEBUG] debug-file - Since current hvigor version 6.23.5 differs from last hvigor version 
      undefined, delete file-cache.json and task-cache.json.
[2026-04-26T23:27:55.488] [DEBUG] debug-file - Cache service initialization finished in 3 ms 
[2026-04-26T23:27:55.491] [DEBUG] debug-file - hvigorfile, resolving D:\code\zero\zero-life\hmapp\hvigorfile.ts
[2026-04-26T23:27:58.935] [DEBUG] debug-file - hvigorfile, require result:  { default: { plugins: [] } }
[2026-04-26T23:27:58.935] [DEBUG] debug-file - hvigorfile, binding system plugins null
[2026-04-26T23:27:58.938] [DEBUG] debug-file - Starting plugin build process
[2026-04-26T23:27:58.938] [DEBUG] debug-file - App plugin prepare start...
[2026-04-26T23:27:58.938] [DEBUG] debug-file - App plugin prepare end...
[2026-04-26T23:27:58.939] [DEBUG] debug-file - App plugin creating...
[2026-04-26T23:27:59.298] [DEBUG] debug-file - hvigor build process will be closed with an error.
[2026-04-26T23:27:59.431] [ERROR] debug-file - [31m00303038 Configuration Error
Error Message: Schema validate failed, at file: D:\code\zero\zero-life\hmapp\build-profile.json5

* Try the following:
  > Please check the following fields. 
 {
  instancePath: 'app',
  keyword: 'enum',
  params: {
    allowedValues: [
      'signingConfigs',
      'products',
      'buildModeSet',
      'multiProjects',
      'capabilities'
    ]
  },
  message: 'must be equal to one of the allowed values',
  location: 'D:/code/zero/zero-life/hmapp/build-profile.json5:2:11'
} 
{
  instancePath: 'app',
  keyword: 'propertyNames',
  params: { propertyName: 'signingProfiles' },
  message: 'property name must be valid',
  location: 'D:/code/zero/zero-life/hmapp/build-profile.json5:2:11'
} 

[39m

[31m* Try:
> Run with --stacktrace option to get the stack trace.
> Run with --debug option to get more log output.

[2026-04-26T23:27:59.431] [DEBUG] debug-file - ERROR: stacktrace = AdaptorError: [31m00303038 Configuration Error
Error Message: Schema validate failed, at file: D:\code\zero\zero-life\hmapp\build-profile.json5

* Try the following:
  > Please check the following fields. 
 {
  instancePath: 'app',
  keyword: 'enum',
  params: {
    allowedValues: [
      'signingConfigs',
      'products',
      'buildModeSet',
      'multiProjects',
      'capabilities'
    ]
  },
  message: 'must be equal to one of the allowed values',
  location: 'D:/code/zero/zero-life/hmapp/build-profile.json5:2:11'
} 
{
  instancePath: 'app',
  keyword: 'propertyNames',
  params: { propertyName: 'signingProfiles' },
  message: 'property name must be valid',
  location: 'D:/code/zero/zero-life/hmapp/build-profile.json5:2:11'
} 

[39m
    at OhosLogger.printErrorExit (D:\program\DevEco Studio\tools\hvigor\hvigor\src\base\log\hvigor-log.js:1:5087)
    at ValidateUtil.doSchemaCheck (D:\program\DevEco Studio\tools\hvigor\hvigor-ohos-plugin\src\utils\validate\validate-util.js:1:8177)
    at ValidateUtil.submitSchemaCheckWork (D:\program\DevEco Studio\tools\hvigor\hvigor-ohos-plugin\src\utils\validate\validate-util.js:1:7013)
    at ProjectModelImpl.projectBuildProfileCheck (D:\program\DevEco Studio\tools\hvigor\hvigor-ohos-plugin\src\model\project\core-project-model-impl.js:1:9192)
    at new CoreProjectModelImpl (D:\program\DevEco Studio\tools\hvigor\hvigor-ohos-plugin\src\model\project\core-project-model-impl.js:1:2627)
    at new ProjectModelImpl (D:\program\DevEco Studio\tools\hvigor\hvigor-ohos-plugin\src\model\project\project-model-impl.js:1:596)
    at new AppPlugin (D:\program\DevEco Studio\tools\hvigor\hvigor-ohos-plugin\src\plugin\app-plugin.js:1:514)
    at StageInitializationStrategy.createAppPlugin (D:\program\DevEco Studio\tools\hvigor\hvigor-ohos-plugin\src\plugin\strategy\stage-init-strategy.js:1:949)
    at AppPluginBuilder.createPlugin (D:\program\DevEco Studio\tools\hvigor\hvigor-ohos-plugin\src\plugin\builder\app-plugin-builder.js:1:1610)
    at AppPluginBuilder.build (D:\program\DevEco Studio\tools\hvigor\hvigor-ohos-plugin\src\plugin\builder\abstract-plugin-builder.js:1:756)
[2026-04-26T23:27:59.431] [ERROR] debug-file - AdaptorError: [31m00303038 Configuration Error
Error Message: Schema validate failed, at file: D:\code\zero\zero-life\hmapp\build-profile.json5

* Try the following:
  > Please check the following fields. 
 {
  instancePath: 'app',
  keyword: 'enum',
  params: {
    allowedValues: [
      'signingConfigs',
      'products',
      'buildModeSet',
      'multiProjects',
      'capabilities'
    ]
  },
  message: 'must be equal to one of the allowed values',
  location: 'D:/code/zero/zero-life/hmapp/build-profile.json5:2:11'
} 
{
  instancePath: 'app',
  keyword: 'propertyNames',
  params: { propertyName: 'signingProfiles' },
  message: 'property name must be valid',
  location: 'D:/code/zero/zero-life/hmapp/build-profile.json5:2:11'
} 

[39m
    at OhosLogger.printErrorExit (D:\program\DevEco Studio\tools\hvigor\hvigor\src\base\log\hvigor-log.js:1:5087)
    at ValidateUtil.doSchemaCheck (D:\program\DevEco Studio\tools\hvigor\hvigor-ohos-plugin\src\utils\validate\validate-util.js:1:8177)
    at ValidateUtil.submitSchemaCheckWork (D:\program\DevEco Studio\tools\hvigor\hvigor-ohos-plugin\src\utils\validate\validate-util.js:1:7013)
    at ProjectModelImpl.projectBuildProfileCheck (D:\program\DevEco Studio\tools\hvigor\hvigor-ohos-plugin\src\model\project\core-project-model-impl.js:1:9192)
    at new CoreProjectModelImpl (D:\program\DevEco Studio\tools\hvigor\hvigor-ohos-plugin\src\model\project\core-project-model-impl.js:1:2627)
    at new ProjectModelImpl (D:\program\DevEco Studio\tools\hvigor\hvigor-ohos-plugin\src\model\project\project-model-impl.js:1:596)
    at new AppPlugin (D:\program\DevEco Studio\tools\hvigor\hvigor-ohos-plugin\src\plugin\app-plugin.js:1:514)
    at StageInitializationStrategy.createAppPlugin (D:\program\DevEco Studio\tools\hvigor\hvigor-ohos-plugin\src\plugin\strategy\stage-init-strategy.js:1:949)
    at AppPluginBuilder.createPlugin (D:\program\DevEco Studio\tools\hvigor\hvigor-ohos-plugin\src\plugin\builder\app-plugin-builder.js:1:1610)
    at AppPluginBuilder.build (D:\program\DevEco Studio\tools\hvigor\hvigor-ohos-plugin\src\plugin\builder\abstract-plugin-builder.js:1:756)
[2026-04-26T23:27:59.444] [ERROR] debug-file - BUILD FAILED in 3 s 972 ms 
[2026-04-26T23:27:59.469] [DEBUG] debug-file - Cleanup worker 0.
[2026-04-26T23:27:59.470] [DEBUG] debug-file - Worker 0 has been cleaned up.
[2026-04-26T23:27:59.470] [DEBUG] debug-file - Current idle worker size: 1.
[2026-04-26T23:27:59.470] [DEBUG] debug-file - Current resident worker size: 2.
[2026-04-26T23:27:59.470] [DEBUG] debug-file - Cleanup worker 1.
[2026-04-26T23:27:59.470] [DEBUG] debug-file - Worker 1 has been cleaned up.
[2026-04-26T23:27:59.470] [DEBUG] debug-file - Current idle worker size: 0.
[2026-04-26T23:27:59.471] [DEBUG] debug-file - Current resident worker size: 2.
[2026-04-26T23:27:59.479] [DEBUG] debug-file - session manager: send message to worker process.
[2026-04-26T23:27:59.480] [DEBUG] debug-file - session manager: send message to worker process.
[2026-04-26T23:27:59.489] [DEBUG] debug-file - hvigor build process will be closed.
[2026-04-26T23:27:59.492] [DEBUG] debug-file - worker[1] exits with exit code 1.
[2026-04-26T23:27:59.492] [DEBUG] debug-file - worker[0] exits with exit code 1.
[2026-04-26T23:27:59.495] [DEBUG] debug-file - watch worker: worker id should be larger than 0. Nothing will be sent to any worker thread.
[2026-04-26T23:27:59.495] [DEBUG] debug-file - watch worker: worker id should be larger than 0. Nothing will be sent to any worker thread.
